******************************************************************************
                  TI ARM Linker PC v20.2.5                     
******************************************************************************
>> Linked Sun May  8 22:54:56 2022

OUTPUT FILE NAME:   <robot.out>
ENTRY POINT SYMBOL: "_c_int00_noargs"  address: 0000123d


MEMORY CONFIGURATION

         name            origin    length      used     unused   attr    fill
----------------------  --------  ---------  --------  --------  ----  --------
  MAIN                  00000000   00040000  0000146c  0003eb94  R  X
  INFO                  00200000   00004000  00000000  00004000  R  X
  SRAM_CODE             01000000   00010000  0000028c  0000fd74  RW X
  SRAM_DATA             20000000   00010000  0000028c  0000fd74  RW  


SEGMENT ALLOCATION MAP

run origin  load origin   length   init length attrs members
----------  ----------- ---------- ----------- ----- -------
00000000    00000000    00001470   00001470    r-x
  00000000    00000000    000000e4   000000e4    r-- .intvecs
  000000e4    000000e4    000012e0   000012e0    r-x .text
  000013c4    000013c4    00000058   00000058    r-- .const
  00001420    00001420    00000050   00000050    r-- .cinit
20000000    20000000    0000008c   00000000    rw-
  20000000    20000000    00000048   00000000    rw- .bss
  20000048    20000048    00000044   00000000    rw- .data
2000fe00    2000fe00    00000200   00000000    rw-
  2000fe00    2000fe00    00000200   00000000    rw- .stack


SECTION ALLOCATION MAP

 output                                  attributes/
section   page    origin      length       input sections
--------  ----  ----------  ----------   ----------------
.intvecs   0    00000000    000000e4     
                  00000000    000000e4     startup_msp432p401r_ccs.obj (.intvecs:retain)

.text      0    000000e4    000012e0     
                  000000e4    000002e4     main.obj (.text:main)
                  000003c8    000002a0     main.obj (.text:Run_Foword)
                  00000668    000001cc     main.obj (.text:All_init)
                  00000834    00000144     msp432p4xx_driverlib.lib : timer_a.o (.text:privateTimer_AProcessClockSourceDivider)
                  00000978    0000011c                              : uart.o (.text:UART_initModule)
                  00000a94    00000104     main.obj (.text:GetLineWalking)
                  00000b98    000000e4     main.obj (.text:Run_Back)
                  00000c7c    0000009c     rtsv7M4_T_le_v4SPD16_eabi.lib : memcpy_t2.asm.obj (.text)
                  00000d18    00000088     msp432p4xx_driverlib.lib : gpio.o (.text:GPIO_setAsPeripheralModuleFunctionOutputPin)
                  00000da0    00000088     main.obj (.text:PORT1_IRQHandler)
                  00000e28    00000084     main.obj (.text:motor_init)
                  00000eac    00000078     system_msp432p401r.obj (.text:SystemInit)
                  00000f24    00000074     main.obj (.text:Run_Lift)
                  00000f98    00000074     main.obj (.text:Run_Right)
                  0000100c    00000074     msp432p4xx_driverlib.lib : timer_a.o (.text:Timer_A_generatePWM)
                  00001080    00000068     rtsv7M4_T_le_v4SPD16_eabi.lib : copy_decompress_lzss.c.obj (.text:decompress:lzss:__TI_decompress_lzss)
                  000010e8    00000058     msp432p4xx_driverlib.lib : gpio.o (.text:GPIO_setAsInputPinWithPullUpResistor)
                  00001140    00000044     main.obj (.text:LinePin_init)
                  00001184    00000044     rtsv7M4_T_le_v4SPD16_eabi.lib : autoinit.c.obj (.text:__TI_auto_init_nobinit_nopinit:__TI_auto_init_nobinit_nopinit)
                  000011c8    00000040     msp432p4xx_driverlib.lib : gpio.o (.text:GPIO_setAsOutputPin)
                  00001208    00000034                              : cs.o (.text:CS_setDCOCenteredFrequency)
                  0000123c    00000034     rtsv7M4_T_le_v4SPD16_eabi.lib : boot_cortex_m.c.obj (.text:_c_int00_noargs:_c_int00_noargs)
                  00001270    00000030     msp432p4xx_driverlib.lib : gpio.o (.text:GPIO_getInputPinValue)
                  000012a0    00000028                              : gpio.o (.text:GPIO_setOutputHighOnPin)
                  000012c8    00000028                              : gpio.o (.text:GPIO_setOutputLowOnPin)
                  000012f0    00000028                              : gpio.o (.text:GPIO_toggleOutputOnPin)
                  00001318    00000028                              : timer_a.o (.text:Timer_A_setCompareValue)
                  00001340    00000024     main.obj (.text:Run_Stop)
                  00001364    00000020     main.obj (.text:Run_Speed)
                  00001384    0000001c     rtsv7M4_T_le_v4SPD16_eabi.lib : copy_zero_init.c.obj (.text:decompress:ZI:__TI_zero_init_nomemset:__TI_zero_init_nomemset)
                  000013a0    0000000e                                   : copy_decompress_none.c.obj (.text:decompress:none:__TI_decompress_none)
                  000013ae    0000000c     startup_msp432p401r_ccs.obj (.text:Reset_Handler)
                  000013ba    00000004     rtsv7M4_T_le_v4SPD16_eabi.lib : pre_init.c.obj (.text:_system_pre_init)
                  000013be    00000004                                   : exit.c.obj (.text:abort:abort)
                  000013c2    00000002     startup_msp432p401r_ccs.obj (.text:Default_Handler)

.const     0    000013c4    00000058     
                  000013c4    00000030     msp432p4xx_driverlib.lib : gpio.o (.const:GPIO_PORT_TO_BASE)
                  000013f4    00000028     main.obj (.const:uartConfig)

.cinit     0    00001420    00000050     
                  00001420    0000002b     (.cinit..data.load) [load image, compression = lzss]
                  0000144b    00000001     --HOLE-- [fill = 0]
                  0000144c    0000000c     (__TI_handler_table)
                  00001458    00000008     (.cinit..bss.load) [load image, compression = zero_init]
                  00001460    00000010     (__TI_cinit_table)

.init_array 
*          0    00000000    00000000     UNINITIALIZED

.binit     0    00000000    00000000     

.bss       0    20000000    00000048     UNINITIALIZED
                  20000000    00000040     (.common:line)
                  20000040    00000004     (.common:i)
                  20000044    00000004     (.common:j)

.data      0    20000048    00000044     UNINITIALIZED
                  20000048    00000018     main.obj (.data:pwmConfig1)
                  20000060    00000018     main.obj (.data:pwmConfig)
                  20000078    00000014     main.obj (.data)

.stack     0    2000fe00    00000200     UNINITIALIZED
                  2000fe00    00000004     rtsv7M4_T_le_v4SPD16_eabi.lib : boot_cortex_m.c.obj (.stack)
                  2000fe04    000001fc     --HOLE--

__llvm_prf_cnts 
*          0    20000000    00000000     UNINITIALIZED

MODULE SUMMARY

       Module                        code   ro data   rw data
       ------                        ----   -------   -------
    .\
       main.obj                      2996   40        280    
       system_msp432p401r.obj        120    0         0      
    +--+-----------------------------+------+---------+---------+
       Total:                        3116   40        280    
                                                             
    .\ccs\
       startup_msp432p401r_ccs.obj   14     228       0      
    +--+-----------------------------+------+---------+---------+
       Total:                        14     228       0      
                                                             
    D:/msp423_software/simplelink_msp432p4_sdk_3_40_01_02/source/ti/devices/msp432p4xx/driverlib/ccs/msp432p4xx_driverlib.lib
       gpio.o                        456    48        0      
       timer_a.o                     480    0         0      
       uart.o                        284    0         0      
       cs.o                          52     0         0      
    +--+-----------------------------+------+---------+---------+
       Total:                        1272   48        0      
                                                             
    D:\msp423_software\ccs\tools\compiler\ti-cgt-arm_20.2.5.LTS\lib\rtsv7M4_T_le_v4SPD16_eabi.lib
       memcpy_t2.asm.obj             156    0         0      
       copy_decompress_lzss.c.obj    104    0         0      
       autoinit.c.obj                68     0         0      
       boot_cortex_m.c.obj           52     0         0      
       copy_zero_init.c.obj          28     0         0      
       copy_decompress_none.c.obj    14     0         0      
       exit.c.obj                    4      0         0      
       pre_init.c.obj                4      0         0      
    +--+-----------------------------+------+---------+---------+
       Total:                        430    0         0      
                                                             
       Stack:                        0      0         1024   
       Linker Generated:             0      79        0      
    +--+-----------------------------+------+---------+---------+
       Grand Total:                  4832   395       1304   


LINKER GENERATED COPY TABLES

__TI_cinit_table @ 00001460 records: 2, size/record: 8, table size: 16
	.data: load addr=00001420, load size=0000002b bytes, run addr=20000048, run size=00000044 bytes, compression=lzss
	.bss: load addr=00001458, load size=00000008 bytes, run addr=20000000, run size=00000048 bytes, compression=zero_init


LINKER GENERATED HANDLER TABLE

__TI_handler_table @ 0000144c records: 3, size/record: 4, table size: 12
	index: 0, handler: __TI_decompress_lzss
	index: 1, handler: __TI_decompress_none
	index: 2, handler: __TI_zero_init


GLOBAL SYMBOLS: SORTED ALPHABETICALLY BY Name 

address   name                                       
-------   ----                                       
000013c3  ADC14_IRQHandler                           
000013c3  AES256_IRQHandler                          
00000669  All_init                                   
000013c3  BusFault_Handler                           
000013bf  C$$EXIT                                    
000013c3  COMP_E0_IRQHandler                         
000013c3  COMP_E1_IRQHandler                         
000013c3  CS_IRQHandler                              
00001209  CS_setDCOCenteredFrequency                 
000013c3  DMA_ERR_IRQHandler                         
000013c3  DMA_INT0_IRQHandler                        
000013c3  DMA_INT1_IRQHandler                        
000013c3  DMA_INT2_IRQHandler                        
000013c3  DMA_INT3_IRQHandler                        
000013c3  DebugMon_Handler                           
000013c3  Default_Handler                            
000013c3  EUSCIA0_IRQHandler                         
000013c3  EUSCIA1_IRQHandler                         
000013c3  EUSCIA2_IRQHandler                         
000013c3  EUSCIA3_IRQHandler                         
000013c3  EUSCIB0_IRQHandler                         
000013c3  EUSCIB1_IRQHandler                         
000013c3  EUSCIB2_IRQHandler                         
000013c3  EUSCIB3_IRQHandler                         
000013c3  FLCTL_IRQHandler                           
000013c3  FPU_IRQHandler                             
00001271  GPIO_getInputPinValue                      
000010e9  GPIO_setAsInputPinWithPullUpResistor       
000011c9  GPIO_setAsOutputPin                        
00000d19  GPIO_setAsPeripheralModuleFunctionOutputPin
000012a1  GPIO_setOutputHighOnPin                    
000012c9  GPIO_setOutputLowOnPin                     
000012f1  GPIO_toggleOutputOnPin                     
00000a95  GetLineWalking                             
000013c3  HardFault_Handler                          
00001141  LinePin_init                               
000013c3  MemManage_Handler                          
000013c3  NMI_Handler                                
000013c3  PCM_IRQHandler                             
00000da1  PORT1_IRQHandler                           
00000da1  PORT1_IRQHandler                           
000013c3  PORT2_IRQHandler                           
000013c3  PORT3_IRQHandler                           
000013c3  PORT4_IRQHandler                           
000013c3  PORT5_IRQHandler                           
000013c3  PORT6_IRQHandler                           
000013c3  PSS_IRQHandler                             
000013c3  PendSV_Handler                             
000013c3  RTC_C_IRQHandler                           
000013af  Reset_Handler                              
00000b99  Run_Back                                   
000003c9  Run_Foword                                 
00000f25  Run_Lift                                   
00000f99  Run_Right                                  
00001365  Run_Speed                                  
00001341  Run_Stop                                   
000013c3  SVC_Handler                                
000013c3  SysTick_Handler                            
00000ead  SystemInit                                 
000013c3  T32_INT1_IRQHandler                        
000013c3  T32_INT2_IRQHandler                        
000013c3  T32_INTC_IRQHandler                        
000013c3  TA0_0_IRQHandler                           
000013c3  TA0_N_IRQHandler                           
000013c3  TA1_0_IRQHandler                           
000013c3  TA1_N_IRQHandler                           
000013c3  TA2_0_IRQHandler                           
000013c3  TA2_N_IRQHandler                           
000013c3  TA3_0_IRQHandler                           
000013c3  TA3_N_IRQHandler                           
0000100d  Timer_A_generatePWM                        
00001319  Timer_A_setCompareValue                    
00000979  UART_initModule                            
000013c3  UsageFault_Handler                         
4000480c  WDTCTL_SYM                                 
000013c3  WDT_A_IRQHandler                           
20010000  __STACK_END                                
00000200  __STACK_SIZE                               
00001460  __TI_CINIT_Base                            
00001470  __TI_CINIT_Limit                           
0000144c  __TI_Handler_Table_Base                    
00001458  __TI_Handler_Table_Limit                   
00001185  __TI_auto_init_nobinit_nopinit             
00001081  __TI_decompress_lzss                       
000013a1  __TI_decompress_none                       
ffffffff  __TI_pprof_out_hndl                        
ffffffff  __TI_prof_data_size                        
ffffffff  __TI_prof_data_start                       
00000000  __TI_static_base__                         
00001385  __TI_zero_init_nomemset                    
00000c7d  __aeabi_memcpy                             
00000c7d  __aeabi_memcpy4                            
00000c7d  __aeabi_memcpy8                            
ffffffff  __binit__                                  
ffffffff  __c_args__                                 
UNDEFED   __mpu_init                                 
2000fe00  __stack                                    
20000000  __start___llvm_prf_cnts                    
20000000  __stop___llvm_prf_cnts                     
0000123d  _c_int00_noargs                            
UNDEFED   _system_post_cinit                         
000013bb  _system_pre_init                           
000013bf  abort                                      
ffffffff  binit                                      
20000088  forward                                    
20000040  i                                          
00000000  interruptVectors                           
20000044  j                                          
20000000  line                                       
000000e5  main                                       
00000c7d  memcpy                                     
00000e29  motor_init                                 
20000060  pwmConfig                                  
20000048  pwmConfig1                                 
20000080  speed_L                                    
20000084  speed_R                                    
20000078  turns                                      
2000007c  turns1                                     
000013f4  uartConfig                                 


GLOBAL SYMBOLS: SORTED BY Symbol Address 

address   name                                       
-------   ----                                       
00000000  __TI_static_base__                         
00000000  interruptVectors                           
000000e5  main                                       
00000200  __STACK_SIZE                               
000003c9  Run_Foword                                 
00000669  All_init                                   
00000979  UART_initModule                            
00000a95  GetLineWalking                             
00000b99  Run_Back                                   
00000c7d  __aeabi_memcpy                             
00000c7d  __aeabi_memcpy4                            
00000c7d  __aeabi_memcpy8                            
00000c7d  memcpy                                     
00000d19  GPIO_setAsPeripheralModuleFunctionOutputPin
00000da1  PORT1_IRQHandler                           
00000da1  PORT1_IRQHandler                           
00000e29  motor_init                                 
00000ead  SystemInit                                 
00000f25  Run_Lift                                   
00000f99  Run_Right                                  
0000100d  Timer_A_generatePWM                        
00001081  __TI_decompress_lzss                       
000010e9  GPIO_setAsInputPinWithPullUpResistor       
00001141  LinePin_init                               
00001185  __TI_auto_init_nobinit_nopinit             
000011c9  GPIO_setAsOutputPin                        
00001209  CS_setDCOCenteredFrequency                 
0000123d  _c_int00_noargs                            
00001271  GPIO_getInputPinValue                      
000012a1  GPIO_setOutputHighOnPin                    
000012c9  GPIO_setOutputLowOnPin                     
000012f1  GPIO_toggleOutputOnPin                     
00001319  Timer_A_setCompareValue                    
00001341  Run_Stop                                   
00001365  Run_Speed                                  
00001385  __TI_zero_init_nomemset                    
000013a1  __TI_decompress_none                       
000013af  Reset_Handler                              
000013bb  _system_pre_init                           
000013bf  C$$EXIT                                    
000013bf  abort                                      
000013c3  ADC14_IRQHandler                           
000013c3  AES256_IRQHandler                          
000013c3  BusFault_Handler                           
000013c3  COMP_E0_IRQHandler                         
000013c3  COMP_E1_IRQHandler                         
000013c3  CS_IRQHandler                              
000013c3  DMA_ERR_IRQHandler                         
000013c3  DMA_INT0_IRQHandler                        
000013c3  DMA_INT1_IRQHandler                        
000013c3  DMA_INT2_IRQHandler                        
000013c3  DMA_INT3_IRQHandler                        
000013c3  DebugMon_Handler                           
000013c3  Default_Handler                            
000013c3  EUSCIA0_IRQHandler                         
000013c3  EUSCIA1_IRQHandler                         
000013c3  EUSCIA2_IRQHandler                         
000013c3  EUSCIA3_IRQHandler                         
000013c3  EUSCIB0_IRQHandler                         
000013c3  EUSCIB1_IRQHandler                         
000013c3  EUSCIB2_IRQHandler                         
000013c3  EUSCIB3_IRQHandler                         
000013c3  FLCTL_IRQHandler                           
000013c3  FPU_IRQHandler                             
000013c3  HardFault_Handler                          
000013c3  MemManage_Handler                          
000013c3  NMI_Handler                                
000013c3  PCM_IRQHandler                             
000013c3  PORT2_IRQHandler                           
000013c3  PORT3_IRQHandler                           
000013c3  PORT4_IRQHandler                           
000013c3  PORT5_IRQHandler                           
000013c3  PORT6_IRQHandler                           
000013c3  PSS_IRQHandler                             
000013c3  PendSV_Handler                             
000013c3  RTC_C_IRQHandler                           
000013c3  SVC_Handler                                
000013c3  SysTick_Handler                            
000013c3  T32_INT1_IRQHandler                        
000013c3  T32_INT2_IRQHandler                        
000013c3  T32_INTC_IRQHandler                        
000013c3  TA0_0_IRQHandler                           
000013c3  TA0_N_IRQHandler                           
000013c3  TA1_0_IRQHandler                           
000013c3  TA1_N_IRQHandler                           
000013c3  TA2_0_IRQHandler                           
000013c3  TA2_N_IRQHandler                           
000013c3  TA3_0_IRQHandler                           
000013c3  TA3_N_IRQHandler                           
000013c3  UsageFault_Handler                         
000013c3  WDT_A_IRQHandler                           
000013f4  uartConfig                                 
0000144c  __TI_Handler_Table_Base                    
00001458  __TI_Handler_Table_Limit                   
00001460  __TI_CINIT_Base                            
00001470  __TI_CINIT_Limit                           
20000000  __start___llvm_prf_cnts                    
20000000  __stop___llvm_prf_cnts                     
20000000  line                                       
20000040  i                                          
20000044  j                                          
20000048  pwmConfig1                                 
20000060  pwmConfig                                  
20000078  turns                                      
2000007c  turns1                                     
20000080  speed_L                                    
20000084  speed_R                                    
20000088  forward                                    
2000fe00  __stack                                    
20010000  __STACK_END                                
4000480c  WDTCTL_SYM                                 
ffffffff  __TI_pprof_out_hndl                        
ffffffff  __TI_prof_data_size                        
ffffffff  __TI_prof_data_start                       
ffffffff  __binit__                                  
ffffffff  __c_args__                                 
ffffffff  binit                                      
UNDEFED   __mpu_init                                 
UNDEFED   _system_post_cinit                         

[119 symbols]
